ygrep 3.5.1 vs 4.0.0
old:  /tmp/ygrep-baseline/target/release/ygrep
new:  ~/Projects/yetidevworks/ygrep/target/release/ygrep
host: Apple M4 Max, Darwin 25.5.0
work: /tmp/ygrep-bench
csv:  /tmp/ygrep-bench-results/raw-20260727_203819.csv
build runs: 3 (+1 warmup)   query runs: 10 (+2 warmup)

== corpus: ygrep (~/Projects/yetidevworks/ygrep)
   dry-run (old): Would index ~/Projects/yetidevworks/ygrep (69 files, 730.21 KB)
   dry-run (new): Would index ~/Projects/yetidevworks/ygrep (73 files, 750.95 KB)

-- indexing
workload                          3.5.1        4.0.0      delta
full build (cold)              201.06ms     205.38ms      +2.1%
rebuild                        202.63ms     213.72ms      +5.5%
no-op incremental               19.01ms      18.79ms      -1.2%

-- index on disk
   old: 564K on disk, 3 segments, 69 files
   new: 568K on disk, 3 segments, 73 files

-- queries (median wall / tool-reported query_time_ms / hits)
query                                                 3.5.1                  4.0.0      delta
common word                            9.01ms / 3.0ms / 41h   8.48ms / 2.0ms / 43h      -5.9%
rare identifier                         6.63ms / 0.0ms / 2h    6.12ms / 0.0ms / 2h      -7.7%
two-word phrase                        9.62ms / 3.0ms / 33h  10.60ms / 4.0ms / 35h     +10.2%
punctuation ->                         9.42ms / 3.0ms / 49h   7.58ms / 1.0ms / 50h     -19.5%
punctuation <<<                         8.10ms / 2.0ms / 1h    6.62ms / 1.0ms / 1h     -18.3%
regex                                   8.45ms / 2.0ms / 6h    7.96ms / 2.0ms / 6h      -5.8%
ext filter (-e rs)                      7.45ms / 1.0ms / 6h    6.86ms / 1.0ms / 6h      -7.9%
path filter (-p crates/ygrep-core/)    9.27ms / 3.0ms / 18h   7.79ms / 1.0ms / 18h     -16.0%

-- filtered result counts
query                                   limit        3.5.1        4.0.0
ext filter (-e rs)                         20       6 hits       6 hits
ext filter (-e rs)                        100       6 hits       6 hits
path filter (-p crates/ygrep-core/)        20      17 hits      18 hits
path filter (-p crates/ygrep-core/)       100      18 hits      18 hits

== corpus: grav-learn (~/Projects/grav/grav-learn)
   dry-run (old): Would index ~/Projects/grav/grav-learn (8489 files, 11.05 MB)
   dry-run (new): Would index ~/Projects/grav/grav-learn (8517 files, 11.06 MB)

-- indexing
workload                          3.5.1        4.0.0      delta
full build (cold)              901.68ms     447.13ms     -50.4%
rebuild                        918.52ms     439.98ms     -52.1%
no-op incremental              594.88ms     185.29ms     -68.9%

-- index on disk
   old: 8.2M on disk, 7 segments, 8489 files
   new: 8.0M on disk, 5 segments, 8517 files

-- queries (median wall / tool-reported query_time_ms / hits)
query                                                 3.5.1                  4.0.0      delta
common word                          10.89ms / 4.0ms / 100h 10.11ms / 4.0ms / 100h      -7.2%
rare identifier                        8.56ms / 2.0ms / 12h   7.12ms / 1.0ms / 12h     -16.8%
two-word phrase                      30.50ms / 23.0ms / 91h 80.33ms / 73.0ms / 91h    +163.4%
punctuation ->                       14.92ms / 8.0ms / 100h 15.05ms / 8.0ms / 100h      +0.9%
punctuation <<<                       29.62ms / 23.0ms / 3h   14.24ms / 7.0ms / 3h     -51.9%
regex                                17.73ms / 11.0ms / 100h 16.95ms / 10.5ms / 100h      -4.4%
ext filter (-e md)                    10.81ms / 4.0ms / 20h 11.44ms / 5.0ms / 100h      +5.8%
path filter (-p pages/)               10.84ms / 4.0ms / 52h 12.33ms / 6.0ms / 100h     +13.7%

-- filtered result counts
query                                   limit        3.5.1        4.0.0
ext filter (-e md)                         20       7 hits      20 hits
ext filter (-e md)                        100      20 hits     100 hits
path filter (-p pages/)                    20      13 hits      20 hits
path filter (-p pages/)                   100      52 hits     100 hits

== corpus: github (~/Projects/github)
   dry-run (old): Would index ~/Projects/github (44338 files, 350.29 MB)
   dry-run (new): Would index ~/Projects/github (44814 files, 350.68 MB)

-- indexing
workload                          3.5.1        4.0.0      delta
full build (cold)            10185.97ms   11658.74ms     +14.5%
rebuild                      10607.21ms   11279.54ms      +6.3%
no-op incremental             3498.81ms     898.27ms     -74.3%

-- index on disk
   old: 180M on disk, 1 segments, 44285 files
   new: 204M on disk, 10 segments, 44761 files

-- queries (median wall / tool-reported query_time_ms / hits)
query                                                 3.5.1                  4.0.0      delta
common word                          16.57ms / 10.0ms / 100h 16.51ms / 10.0ms / 100h      -0.4%
rare identifier                        7.86ms / 2.0ms / 10h   8.58ms / 2.0ms / 10h      +9.2%
two-word phrase                      116.29ms / 109.0ms / 84h 231.96ms / 224.5ms / 84h     +99.5%
punctuation ->                       15.27ms / 9.0ms / 100h 15.83ms / 9.5ms / 100h      +3.7%
punctuation <<<                      202.21ms / 195.0ms / 100h 53.48ms / 46.0ms / 100h     -73.6%
regex                                41.91ms / 35.0ms / 100h 52.23ms / 45.0ms / 100h     +24.6%
ext filter (-e c)                    23.18ms / 17.0ms / 61h 15.20ms / 9.0ms / 100h     -34.4%
path filter (-p Marlin/)             16.50ms / 10.0ms / 89h 15.77ms / 9.0ms / 100h      -4.4%

-- filtered result counts
query                                   limit        3.5.1        4.0.0
ext filter (-e c)                          20      20 hits      20 hits
ext filter (-e c)                         100      61 hits     100 hits
path filter (-p Marlin/)                   20      20 hits      20 hits
path filter (-p Marlin/)                  100      89 hits     100 hits

== peak RSS, full build on github
   3.5.1:                     501 MB
   4.0.0:                     536 MB  (+7.0%)
   4.0.0 (indexer.threads=1): 414 MB  (-17.4%)

raw results: /tmp/ygrep-bench-results/raw-20260727_203819.csv
